#
# There is insufficient memory for the Java Runtime Environment to continue.
# Native memory allocation (malloc) failed to allocate 391792 bytes for Chunk::new
# Possible reasons:
#   The system is out of physical RAM or swap space
#   The process is running with CompressedOops enabled, and the Java Heap may be blocking the growth of the native heap
# Possible solutions:
#   Reduce memory load on the system
#   Increase physical memory or swap space
#   Check if swap backing store is full
#   Decrease Java heap size (-Xmx/-Xms)
#   Decrease number of Java threads
#   Decrease Java thread stack sizes (-Xss)
#   Set larger code cache with -XX:ReservedCodeCacheSize=
#   JVM is running with Unscaled Compressed Oops mode in which the Java heap is
#     placed in the first 4GB address space. The Java Heap base address is the
#     maximum limit for the native heap growth. Please use -XX:HeapBaseMinAddress
#     to set the Java Heap base and to place the Java Heap above 4GB virtual address.
# This output file may be truncated or incomplete.
#
#  Out of Memory Error (arena.cpp:168), pid=7160, tid=19864
#
# JRE version: Java(TM) SE Runtime Environment (21.0.4+8) (build 21.0.4+8-LTS-274)
# Java VM: Java HotSpot(TM) 64-Bit Server VM (21.0.4+8-LTS-274, mixed mode, sharing, tiered, compressed oops, compressed class ptrs, g1 gc, windows-amd64)
# No core dump will be written. Minidumps are not enabled by default on client versions of Windows
#

---------------  S U M M A R Y ------------

Command Line: --add-opens=java.base/java.util=ALL-UNNAMED --add-opens=java.base/java.lang=ALL-UNNAMED --add-opens=java.base/java.lang.invoke=ALL-UNNAMED --add-opens=java.prefs/java.util.prefs=ALL-UNNAMED --add-exports=jdk.compiler/com.sun.tools.javac.api=ALL-UNNAMED --add-exports=jdk.compiler/com.sun.tools.javac.util=ALL-UNNAMED --add-opens=java.base/java.nio.charset=ALL-UNNAMED --add-opens=java.base/java.net=ALL-UNNAMED --add-opens=java.base/java.util.concurrent.atomic=ALL-UNNAMED -Xmx2048m -Dfile.encoding=UTF-8 -Duser.country=IN -Duser.language=en -Duser.variant -javaagent:C:\Users\prathamesh\.gradle\wrapper\dists\gradle-8.9-bin\90cnw93cvbtalezasaz0blq0a\gradle-8.9\lib\agents\gradle-instrumentation-agent-8.9.jar org.gradle.launcher.daemon.bootstrap.GradleDaemon 8.9

Host: AMD Ryzen 5 5500U with Radeon Graphics         , 12 cores, 7G,  Windows 11 , 64 bit Build 26100 (10.0.26100.4484)
Time: Wed Aug  6 22:06:07 2025 India Standard Time elapsed time: 3.864615 seconds (0d 0h 0m 3s)

---------------  T H R E A D  ---------------

Current thread (0x000002854c9f4140):  JavaThread "C2 CompilerThread0" daemon [_thread_in_native, id=19864, stack(0x000000eae4d00000,0x000000eae4e00000) (1024K)]


Current CompileTask:
C2:   3864 2472   !   4       java.util.zip.InflaterInputStream::read (129 bytes)

Stack: [0x000000eae4d00000,0x000000eae4e00000]
Native frames: (J=compiled Java code, j=interpreted, Vv=VM code, C=native code)
V  [jvm.dll+0x6c8e59]
V  [jvm.dll+0x853181]
V  [jvm.dll+0x8556ae]
V  [jvm.dll+0x855d83]
V  [jvm.dll+0x27d526]
V  [jvm.dll+0xc4aad]
V  [jvm.dll+0xc4fe3]
V  [jvm.dll+0x3b400c]
V  [jvm.dll+0x1df243]
V  [jvm.dll+0x2463d2]
V  [jvm.dll+0x24585f]
V  [jvm.dll+0x1c69de]
V  [jvm.dll+0x254d49]
V  [jvm.dll+0x2532da]
V  [jvm.dll+0x3ed426]
V  [jvm.dll+0x7fd65b]
V  [jvm.dll+0x6c753d]
C  [ucrtbase.dll+0x37b0]
C  [KERNEL32.DLL+0x2e8d7]
C  [ntdll.dll+0x3c34c]


---------------  P R O C E S S  ---------------

Threads class SMR info:
_java_thread_list=0x0000028593730320, length=21, elements={
0x000002852d9c6ae0, 0x000002854c9bbd40, 0x000002854c9bc8a0, 0x000002854c9c1520,
0x000002854c9e40d0, 0x000002854c9e66f0, 0x000002854c9e6d80, 0x000002854c9f4140,
0x000002854c9f8210, 0x000002854c9e6060, 0x000002854c9e7410, 0x000002854c9e4cb0,
0x000002854c9e5340, 0x000002854c9e59d0, 0x00000285934ff320, 0x00000285934fec90,
0x00000285935006d0, 0x0000028593500040, 0x00000285934fe600, 0x00000285934ff9b0,
0x0000028593500d60
}

Java Threads: ( => current thread )
  0x000002852d9c6ae0 JavaThread "main"                              [_thread_blocked, id=1752, stack(0x000000eae3f00000,0x000000eae4000000) (1024K)]
  0x000002854c9bbd40 JavaThread "Reference Handler"          daemon [_thread_blocked, id=9860, stack(0x000000eae4700000,0x000000eae4800000) (1024K)]
  0x000002854c9bc8a0 JavaThread "Finalizer"                  daemon [_thread_blocked, id=7260, stack(0x000000eae4800000,0x000000eae4900000) (1024K)]
  0x000002854c9c1520 JavaThread "Signal Dispatcher"          daemon [_thread_blocked, id=10720, stack(0x000000eae4900000,0x000000eae4a00000) (1024K)]
  0x000002854c9e40d0 JavaThread "Attach Listener"            daemon [_thread_blocked, id=4008, stack(0x000000eae4a00000,0x000000eae4b00000) (1024K)]
  0x000002854c9e66f0 JavaThread "Service Thread"             daemon [_thread_blocked, id=3612, stack(0x000000eae4b00000,0x000000eae4c00000) (1024K)]
  0x000002854c9e6d80 JavaThread "Monitor Deflation Thread"   daemon [_thread_blocked, id=4480, stack(0x000000eae4c00000,0x000000eae4d00000) (1024K)]
=>0x000002854c9f4140 JavaThread "C2 CompilerThread0"         daemon [_thread_in_native, id=19864, stack(0x000000eae4d00000,0x000000eae4e00000) (1024K)]
  0x000002854c9f8210 JavaThread "C1 CompilerThread0"         daemon [_thread_blocked, id=4520, stack(0x000000eae4e00000,0x000000eae4f00000) (1024K)]
  0x000002854c9e6060 JavaThread "Common-Cleaner"             daemon [_thread_blocked, id=5776, stack(0x000000eae4f00000,0x000000eae5000000) (1024K)]
  0x000002854c9e7410 JavaThread "Notification Thread"        daemon [_thread_blocked, id=18360, stack(0x000000eae5000000,0x000000eae5100000) (1024K)]
  0x000002854c9e4cb0 JavaThread "Daemon health stats"               [_thread_blocked, id=844, stack(0x000000eae5600000,0x000000eae5700000) (1024K)]
  0x000002854c9e5340 JavaThread "Incoming local TCP Connector on port 56630"        [_thread_in_native, id=3864, stack(0x000000eae5700000,0x000000eae5800000) (1024K)]
  0x000002854c9e59d0 JavaThread "Daemon periodic checks"            [_thread_blocked, id=18448, stack(0x000000eae5d00000,0x000000eae5e00000) (1024K)]
  0x00000285934ff320 JavaThread "Daemon"                            [_thread_blocked, id=20372, stack(0x000000eae5e00000,0x000000eae5f00000) (1024K)]
  0x00000285934fec90 JavaThread "Handler for socket connection from /127.0.0.1:56630 to /127.0.0.1:56631"        [_thread_in_native, id=4844, stack(0x000000eae5f00000,0x000000eae6000000) (1024K)]
  0x00000285935006d0 JavaThread "Cancel handler"                    [_thread_blocked, id=14948, stack(0x000000eae6000000,0x000000eae6100000) (1024K)]
  0x0000028593500040 JavaThread "Daemon worker"                     [_thread_in_Java, id=13768, stack(0x000000eae6100000,0x000000eae6200000) (1024K)]
  0x00000285934fe600 JavaThread "Asynchronous log dispatcher for DefaultDaemonConnection: socket connection from /127.0.0.1:56630 to /127.0.0.1:56631"        [_thread_blocked, id=19900, stack(0x000000eae6200000,0x000000eae6300000) (1024K)]
  0x00000285934ff9b0 JavaThread "Stdin handler"                     [_thread_blocked, id=16400, stack(0x000000eae6300000,0x000000eae6400000) (1024K)]
  0x0000028593500d60 JavaThread "Daemon client event forwarder"        [_thread_blocked, id=11248, stack(0x000000eae6400000,0x000000eae6500000) (1024K)]
Total: 21

Other Threads:
  0x000002854c99a7c0 VMThread "VM Thread"                           [id=17072, stack(0x000000eae4600000,0x000000eae4700000) (1024K)]
  0x000002854c97bc60 WatcherThread "VM Periodic Task Thread"        [id=1532, stack(0x000000eae4500000,0x000000eae4600000) (1024K)]
  0x000002852de02e50 WorkerThread "GC Thread#0"                     [id=10984, stack(0x000000eae4000000,0x000000eae4100000) (1024K)]
  0x0000028592364b50 WorkerThread "GC Thread#1"                     [id=12728, stack(0x000000eae5200000,0x000000eae5300000) (1024K)]
  0x00000285921d4840 WorkerThread "GC Thread#2"                     [id=2500, stack(0x000000eae5300000,0x000000eae5400000) (1024K)]
  0x0000028592746f60 WorkerThread "GC Thread#3"                     [id=20296, stack(0x000000eae5400000,0x000000eae5500000) (1024K)]
  0x00000285929d08c0 WorkerThread "GC Thread#4"                     [id=5624, stack(0x000000eae5500000,0x000000eae5600000) (1024K)]
  0x00000285938e64f0 WorkerThread "GC Thread#5"                     [id=5444, stack(0x000000eae5800000,0x000000eae5900000) (1024K)]
  0x00000285934c19f0 WorkerThread "GC Thread#6"                     [id=11504, stack(0x000000eae5900000,0x000000eae5a00000) (1024K)]
  0x00000285934c1d90 WorkerThread "GC Thread#7"                     [id=1152, stack(0x000000eae5a00000,0x000000eae5b00000) (1024K)]
  0x00000285934c2130 WorkerThread "GC Thread#8"                     [id=16720, stack(0x000000eae5b00000,0x000000eae5c00000) (1024K)]
  0x00000285938dfda0 WorkerThread "GC Thread#9"                     [id=16640, stack(0x000000eae5c00000,0x000000eae5d00000) (1024K)]
  0x000002852de13d40 ConcurrentGCThread "G1 Main Marker"            [id=18540, stack(0x000000eae4100000,0x000000eae4200000) (1024K)]
  0x000002852de16480 WorkerThread "G1 Conc#0"                       [id=964, stack(0x000000eae4200000,0x000000eae4300000) (1024K)]
  0x000002854c850170 ConcurrentGCThread "G1 Refine#0"               [id=4720, stack(0x000000eae4300000,0x000000eae4400000) (1024K)]
  0x000002854c8519a0 ConcurrentGCThread "G1 Service"                [id=13372, stack(0x000000eae4400000,0x000000eae4500000) (1024K)]
Total: 16

Threads with active compile tasks:
C2 CompilerThread0     3887 2472   !   4       java.util.zip.InflaterInputStream::read (129 bytes)
Total: 1

VM state: not at safepoint (normal execution)

VM Mutex/Monitor currently owned by a thread: None

Heap address: 0x0000000080000000, size: 2048 MB, Compressed Oops mode: 32-bit

CDS archive(s) mapped at: [0x000002854d000000-0x000002854dc90000-0x000002854dc90000), size 13172736, SharedBaseAddress: 0x000002854d000000, ArchiveRelocationMode: 1.
Compressed class space mapped at: 0x000002854e000000-0x000002858e000000, reserved size: 1073741824
Narrow klass base: 0x000002854d000000, Narrow klass shift: 0, Narrow klass range: 0x100000000

GC Precious Log:
 CardTable entry size: 512
 Card Set container configuration: InlinePtr #cards 5 size 8 Array Of Cards #cards 12 size 40 Howl #buckets 4 coarsen threshold 1843 Howl Bitmap #cards 512 size 80 coarsen threshold 460 Card regions per heap region 1 cards per card region 2048
 CPUs: 12 total, 12 available
 Memory: 7501M
 Large Page Support: Disabled
 NUMA Support: Disabled
 Compressed Oops: Enabled (32-bit)
 Heap Region Size: 1M
 Heap Min Capacity: 8M
 Heap Initial Capacity: 118M
 Heap Max Capacity: 2G
 Pre-touch: Disabled
 Parallel Workers: 10
 Concurrent Workers: 3
 Concurrent Refinement Workers: 10
 Periodic GC: Disabled

Heap:
 garbage-first heap   total 120832K, used 39482K [0x0000000080000000, 0x0000000100000000)
  region size 1024K, 28 young (28672K), 8 survivors (8192K)
 Metaspace       used 13685K, committed 14144K, reserved 1114112K
  class space    used 1839K, committed 2048K, reserved 1048576K

Heap Regions: E=young(eden), S=young(survivor), O=old, HS=humongous(starts), HC=humongous(continues), CS=collection set, F=free, TAMS=top-at-mark-start, PB=parsable bottom
|   0|0x0000000080000000, 0x0000000080100000, 0x0000000080100000|100%|HS|  |TAMS 0x0000000080000000| PB 0x0000000080000000| Complete 
|   1|0x0000000080100000, 0x0000000080200000, 0x0000000080200000|100%|HC|  |TAMS 0x0000000080100000| PB 0x0000000080100000| Complete 
|   2|0x0000000080200000, 0x0000000080300000, 0x0000000080300000|100%|HC|  |TAMS 0x0000000080200000| PB 0x0000000080200000| Complete 
|   3|0x0000000080300000, 0x0000000080400000, 0x0000000080400000|100%|HC|  |TAMS 0x0000000080300000| PB 0x0000000080300000| Complete 
|   4|0x0000000080400000, 0x0000000080500000, 0x0000000080500000|100%| O|  |TAMS 0x0000000080400000| PB 0x0000000080400000| Untracked 
|   5|0x0000000080500000, 0x0000000080600000, 0x0000000080600000|100%| O|  |TAMS 0x0000000080500000| PB 0x0000000080500000| Untracked 
|   6|0x0000000080600000, 0x0000000080700000, 0x0000000080700000|100%| O|  |TAMS 0x0000000080600000| PB 0x0000000080600000| Untracked 
|   7|0x0000000080700000, 0x0000000080800000, 0x0000000080800000|100%| O|  |TAMS 0x0000000080700000| PB 0x0000000080700000| Untracked 
|   8|0x0000000080800000, 0x0000000080900000, 0x0000000080900000|100%| O|  |TAMS 0x0000000080800000| PB 0x0000000080800000| Untracked 
|   9|0x0000000080900000, 0x0000000080a00000, 0x0000000080a00000|100%| O|  |TAMS 0x0000000080900000| PB 0x0000000080900000| Untracked 
|  10|0x0000000080a00000, 0x0000000080a8e8f8, 0x0000000080b00000| 55%| O|  |TAMS 0x0000000080a00000| PB 0x0000000080a00000| Untracked 
|  11|0x0000000080b00000, 0x0000000080c00000, 0x0000000080c00000|100%|HS|  |TAMS 0x0000000080b00000| PB 0x0000000080b00000| Complete 
|  12|0x0000000080c00000, 0x0000000080c00000, 0x0000000080d00000|  0%| F|  |TAMS 0x0000000080c00000| PB 0x0000000080c00000| Untracked 
|  13|0x0000000080d00000, 0x0000000080d00000, 0x0000000080e00000|  0%| F|  |TAMS 0x0000000080d00000| PB 0x0000000080d00000| Untracked 
|  14|0x0000000080e00000, 0x0000000080e00000, 0x0000000080f00000|  0%| F|  |TAMS 0x0000000080e00000| PB 0x0000000080e00000| Untracked 
|  15|0x0000000080f00000, 0x0000000080f00000, 0x0000000081000000|  0%| F|  |TAMS 0x0000000080f00000| PB 0x0000000080f00000| Untracked 
|  16|0x0000000081000000, 0x0000000081000000, 0x0000000081100000|  0%| F|  |TAMS 0x0000000081000000| PB 0x0000000081000000| Untracked 
|  17|0x0000000081100000, 0x0000000081100000, 0x0000000081200000|  0%| F|  |TAMS 0x0000000081100000| PB 0x0000000081100000| Untracked 
|  18|0x0000000081200000, 0x0000000081200000, 0x0000000081300000|  0%| F|  |TAMS 0x0000000081200000| PB 0x0000000081200000| Untracked 
|  19|0x0000000081300000, 0x0000000081300000, 0x0000000081400000|  0%| F|  |TAMS 0x0000000081300000| PB 0x0000000081300000| Untracked 
|  20|0x0000000081400000, 0x0000000081400000, 0x0000000081500000|  0%| F|  |TAMS 0x0000000081400000| PB 0x0000000081400000| Untracked 
|  21|0x0000000081500000, 0x0000000081500000, 0x0000000081600000|  0%| F|  |TAMS 0x0000000081500000| PB 0x0000000081500000| Untracked 
|  22|0x0000000081600000, 0x0000000081600000, 0x0000000081700000|  0%| F|  |TAMS 0x0000000081600000| PB 0x0000000081600000| Untracked 
|  23|0x0000000081700000, 0x0000000081700000, 0x0000000081800000|  0%| F|  |TAMS 0x0000000081700000| PB 0x0000000081700000| Untracked 
|  24|0x0000000081800000, 0x0000000081800000, 0x0000000081900000|  0%| F|  |TAMS 0x0000000081800000| PB 0x0000000081800000| Untracked 
|  25|0x0000000081900000, 0x0000000081900000, 0x0000000081a00000|  0%| F|  |TAMS 0x0000000081900000| PB 0x0000000081900000| Untracked 
|  26|0x0000000081a00000, 0x0000000081a00000, 0x0000000081b00000|  0%| F|  |TAMS 0x0000000081a00000| PB 0x0000000081a00000| Untracked 
|  27|0x0000000081b00000, 0x0000000081b00000, 0x0000000081c00000|  0%| F|  |TAMS 0x0000000081b00000| PB 0x0000000081b00000| Untracked 
|  28|0x0000000081c00000, 0x0000000081c00000, 0x0000000081d00000|  0%| F|  |TAMS 0x0000000081c00000| PB 0x0000000081c00000| Untracked 
|  29|0x0000000081d00000, 0x0000000081d00000, 0x0000000081e00000|  0%| F|  |TAMS 0x0000000081d00000| PB 0x0000000081d00000| Untracked 
|  30|0x0000000081e00000, 0x0000000081e00000, 0x0000000081f00000|  0%| F|  |TAMS 0x0000000081e00000| PB 0x0000000081e00000| Untracked 
|  31|0x0000000081f00000, 0x0000000081f00000, 0x0000000082000000|  0%| F|  |TAMS 0x0000000081f00000| PB 0x0000000081f00000| Untracked 
|  32|0x0000000082000000, 0x0000000082000000, 0x0000000082100000|  0%| F|  |TAMS 0x0000000082000000| PB 0x0000000082000000| Untracked 
|  33|0x0000000082100000, 0x0000000082100000, 0x0000000082200000|  0%| F|  |TAMS 0x0000000082100000| PB 0x0000000082100000| Untracked 
|  34|0x0000000082200000, 0x0000000082200000, 0x0000000082300000|  0%| F|  |TAMS 0x0000000082200000| PB 0x0000000082200000| Untracked 
|  35|0x0000000082300000, 0x0000000082300000, 0x0000000082400000|  0%| F|  |TAMS 0x0000000082300000| PB 0x0000000082300000| Untracked 
|  36|0x0000000082400000, 0x0000000082400000, 0x0000000082500000|  0%| F|  |TAMS 0x0000000082400000| PB 0x0000000082400000| Untracked 
|  37|0x0000000082500000, 0x0000000082500000, 0x0000000082600000|  0%| F|  |TAMS 0x0000000082500000| PB 0x0000000082500000| Untracked 
|  38|0x0000000082600000, 0x0000000082600000, 0x0000000082700000|  0%| F|  |TAMS 0x0000000082600000| PB 0x0000000082600000| Untracked 
|  39|0x0000000082700000, 0x0000000082700000, 0x0000000082800000|  0%| F|  |TAMS 0x0000000082700000| PB 0x0000000082700000| Untracked 
|  40|0x0000000082800000, 0x0000000082800000, 0x0000000082900000|  0%| F|  |TAMS 0x0000000082800000| PB 0x0000000082800000| Untracked 
|  41|0x0000000082900000, 0x0000000082900000, 0x0000000082a00000|  0%| F|  |TAMS 0x0000000082900000| PB 0x0000000082900000| Untracked 
|  42|0x0000000082a00000, 0x0000000082a00000, 0x0000000082b00000|  0%| F|  |TAMS 0x0000000082a00000| PB 0x0000000082a00000| Untracked 
|  43|0x0000000082b00000, 0x0000000082b00000, 0x0000000082c00000|  0%| F|  |TAMS 0x0000000082b00000| PB 0x0000000082b00000| Untracked 
|  44|0x0000000082c00000, 0x0000000082c00000, 0x0000000082d00000|  0%| F|  |TAMS 0x0000000082c00000| PB 0x0000000082c00000| Untracked 
|  45|0x0000000082d00000, 0x0000000082d00000, 0x0000000082e00000|  0%| F|  |TAMS 0x0000000082d00000| PB 0x0000000082d00000| Untracked 
|  46|0x0000000082e00000, 0x0000000082e00000, 0x0000000082f00000|  0%| F|  |TAMS 0x0000000082e00000| PB 0x0000000082e00000| Untracked 
|  47|0x0000000082f00000, 0x0000000082f00000, 0x0000000083000000|  0%| F|  |TAMS 0x0000000082f00000| PB 0x0000000082f00000| Untracked 
|  48|0x0000000083000000, 0x0000000083000000, 0x0000000083100000|  0%| F|  |TAMS 0x0000000083000000| PB 0x0000000083000000| Untracked 
|  49|0x0000000083100000, 0x0000000083100000, 0x0000000083200000|  0%| F|  |TAMS 0x0000000083100000| PB 0x0000000083100000| Untracked 
|  50|0x0000000083200000, 0x0000000083200000, 0x0000000083300000|  0%| F|  |TAMS 0x0000000083200000| PB 0x0000000083200000| Untracked 
|  51|0x0000000083300000, 0x0000000083300000, 0x0000000083400000|  0%| F|  |TAMS 0x0000000083300000| PB 0x0000000083300000| Untracked 
|  52|0x0000000083400000, 0x0000000083400000, 0x0000000083500000|  0%| F|  |TAMS 0x0000000083400000| PB 0x0000000083400000| Untracked 
|  53|0x0000000083500000, 0x0000000083600000, 0x0000000083600000|100%| S|CS|TAMS 0x0000000083500000| PB 0x0000000083500000| Complete 
|  54|0x0000000083600000, 0x0000000083700000, 0x0000000083700000|100%| S|CS|TAMS 0x0000000083600000| PB 0x0000000083600000| Complete 
|  55|0x0000000083700000, 0x0000000083800000, 0x0000000083800000|100%| S|CS|TAMS 0x0000000083700000| PB 0x0000000083700000| Complete 
|  56|0x0000000083800000, 0x0000000083900000, 0x0000000083900000|100%| S|CS|TAMS 0x0000000083800000| PB 0x0000000083800000| Complete 
|  57|0x0000000083900000, 0x0000000083a00000, 0x0000000083a00000|100%| S|CS|TAMS 0x0000000083900000| PB 0x0000000083900000| Complete 
|  58|0x0000000083a00000, 0x0000000083b00000, 0x0000000083b00000|100%| S|CS|TAMS 0x0000000083a00000| PB 0x0000000083a00000| Complete 
|  59|0x0000000083b00000, 0x0000000083c00000, 0x0000000083c00000|100%| S|CS|TAMS 0x0000000083b00000| PB 0x0000000083b00000| Complete 
|  60|0x0000000083c00000, 0x0000000083d00000, 0x0000000083d00000|100%| S|CS|TAMS 0x0000000083c00000| PB 0x0000000083c00000| Complete 
|  61|0x0000000083d00000, 0x0000000083d00000, 0x0000000083e00000|  0%| F|  |TAMS 0x0000000083d00000| PB 0x0000000083d00000| Untracked 
|  62|0x0000000083e00000, 0x0000000083e00000, 0x0000000083f00000|  0%| F|  |TAMS 0x0000000083e00000| PB 0x0000000083e00000| Untracked 
|  63|0x0000000083f00000, 0x0000000083f00000, 0x0000000084000000|  0%| F|  |TAMS 0x0000000083f00000| PB 0x0000000083f00000| Untracked 
|  64|0x0000000084000000, 0x0000000084000000, 0x0000000084100000|  0%| F|  |TAMS 0x0000000084000000| PB 0x0000000084000000| Untracked 
|  65|0x0000000084100000, 0x0000000084100000, 0x0000000084200000|  0%| F|  |TAMS 0x0000000084100000| PB 0x0000000084100000| Untracked 
|  66|0x0000000084200000, 0x0000000084200000, 0x0000000084300000|  0%| F|  |TAMS 0x0000000084200000| PB 0x0000000084200000| Untracked 
|  67|0x0000000084300000, 0x0000000084300000, 0x0000000084400000|  0%| F|  |TAMS 0x0000000084300000| PB 0x0000000084300000| Untracked 
|  68|0x0000000084400000, 0x0000000084400000, 0x0000000084500000|  0%| F|  |TAMS 0x0000000084400000| PB 0x0000000084400000| Untracked 
|  69|0x0000000084500000, 0x0000000084500000, 0x0000000084600000|  0%| F|  |TAMS 0x0000000084500000| PB 0x0000000084500000| Untracked 
|  70|0x0000000084600000, 0x0000000084600000, 0x0000000084700000|  0%| F|  |TAMS 0x0000000084600000| PB 0x0000000084600000| Untracked 
|  71|0x0000000084700000, 0x0000000084700000, 0x0000000084800000|  0%| F|  |TAMS 0x0000000084700000| PB 0x0000000084700000| Untracked 
|  72|0x0000000084800000, 0x0000000084800000, 0x0000000084900000|  0%| F|  |TAMS 0x0000000084800000| PB 0x0000000084800000| Untracked 
|  73|0x0000000084900000, 0x0000000084900000, 0x0000000084a00000|  0%| F|  |TAMS 0x0000000084900000| PB 0x0000000084900000| Untracked 
|  74|0x0000000084a00000, 0x0000000084a00000, 0x0000000084b00000|  0%| F|  |TAMS 0x0000000084a00000| PB 0x0000000084a00000| Untracked 
|  75|0x0000000084b00000, 0x0000000084b00000, 0x0000000084c00000|  0%| F|  |TAMS 0x0000000084b00000| PB 0x0000000084b00000| Untracked 
|  76|0x0000000084c00000, 0x0000000084c00000, 0x0000000084d00000|  0%| F|  |TAMS 0x0000000084c00000| PB 0x0000000084c00000| Untracked 
|  77|0x0000000084d00000, 0x0000000084d00000, 0x0000000084e00000|  0%| F|  |TAMS 0x0000000084d00000| PB 0x0000000084d00000| Untracked 
|  78|0x0000000084e00000, 0x0000000084e00000, 0x0000000084f00000|  0%| F|  |TAMS 0x0000000084e00000| PB 0x0000000084e00000| Untracked 
|  79|0x0000000084f00000, 0x0000000084f00000, 0x0000000085000000|  0%| F|  |TAMS 0x0000000084f00000| PB 0x0000000084f00000| Untracked 
|  80|0x0000000085000000, 0x0000000085000000, 0x0000000085100000|  0%| F|  |TAMS 0x0000000085000000| PB 0x0000000085000000| Untracked 
|  81|0x0000000085100000, 0x0000000085100000, 0x0000000085200000|  0%| F|  |TAMS 0x0000000085100000| PB 0x0000000085100000| Untracked 
|  82|0x0000000085200000, 0x0000000085200000, 0x0000000085300000|  0%| F|  |TAMS 0x0000000085200000| PB 0x0000000085200000| Untracked 
|  83|0x0000000085300000, 0x0000000085300000, 0x0000000085400000|  0%| F|  |TAMS 0x0000000085300000| PB 0x0000000085300000| Untracked 
|  84|0x0000000085400000, 0x0000000085400000, 0x0000000085500000|  0%| F|  |TAMS 0x0000000085400000| PB 0x0000000085400000| Untracked 
|  85|0x0000000085500000, 0x0000000085500000, 0x0000000085600000|  0%| F|  |TAMS 0x0000000085500000| PB 0x0000000085500000| Untracked 
|  86|0x0000000085600000, 0x0000000085600000, 0x0000000085700000|  0%| F|  |TAMS 0x0000000085600000| PB 0x0000000085600000| Untracked 
|  87|0x0000000085700000, 0x0000000085700000, 0x0000000085800000|  0%| F|  |TAMS 0x0000000085700000| PB 0x0000000085700000| Untracked 
|  88|0x0000000085800000, 0x0000000085800000, 0x0000000085900000|  0%| F|  |TAMS 0x0000000085800000| PB 0x0000000085800000| Untracked 
|  89|0x0000000085900000, 0x0000000085900000, 0x0000000085a00000|  0%| F|  |TAMS 0x0000000085900000| PB 0x0000000085900000| Untracked 
|  90|0x0000000085a00000, 0x0000000085a00000, 0x0000000085b00000|  0%| F|  |TAMS 0x0000000085a00000| PB 0x0000000085a00000| Untracked 
|  91|0x0000000085b00000, 0x0000000085b00000, 0x0000000085c00000|  0%| F|  |TAMS 0x0000000085b00000| PB 0x0000000085b00000| Untracked 
|  92|0x0000000085c00000, 0x0000000085c00000, 0x0000000085d00000|  0%| F|  |TAMS 0x0000000085c00000| PB 0x0000000085c00000| Untracked 
|  93|0x0000000085d00000, 0x0000000085d00000, 0x0000000085e00000|  0%| F|  |TAMS 0x0000000085d00000| PB 0x0000000085d00000| Untracked 
|  94|0x0000000085e00000, 0x0000000085e00000, 0x0000000085f00000|  0%| F|  |TAMS 0x0000000085e00000| PB 0x0000000085e00000| Untracked 
|  95|0x0000000085f00000, 0x0000000085f00000, 0x0000000086000000|  0%| F|  |TAMS 0x0000000085f00000| PB 0x0000000085f00000| Untracked 
|  96|0x0000000086000000, 0x0000000086000000, 0x0000000086100000|  0%| F|  |TAMS 0x0000000086000000| PB 0x0000000086000000| Untracked 
|  97|0x0000000086100000, 0x000000008614fe30, 0x0000000086200000| 31%| E|  |TAMS 0x0000000086100000| PB 0x0000000086100000| Complete 
|  98|0x0000000086200000, 0x0000000086300000, 0x0000000086300000|100%| E|CS|TAMS 0x0000000086200000| PB 0x0000000086200000| Complete 
|  99|0x0000000086300000, 0x0000000086400000, 0x0000000086400000|100%| E|CS|TAMS 0x0000000086300000| PB 0x0000000086300000| Complete 
| 100|0x0000000086400000, 0x0000000086500000, 0x0000000086500000|100%| E|CS|TAMS 0x0000000086400000| PB 0x0000000086400000| Complete 
| 101|0x0000000086500000, 0x0000000086600000, 0x0000000086600000|100%| E|CS|TAMS 0x0000000086500000| PB 0x0000000086500000| Complete 
| 102|0x0000000086600000, 0x0000000086700000, 0x0000000086700000|100%| E|CS|TAMS 0x0000000086600000| PB 0x0000000086600000| Complete 
| 103|0x0000000086700000, 0x0000000086800000, 0x0000000086800000|100%| E|CS|TAMS 0x0000000086700000| PB 0x0000000086700000| Complete 
| 104|0x0000000086800000, 0x0000000086900000, 0x0000000086900000|100%| E|CS|TAMS 0x0000000086800000| PB 0x0000000086800000| Complete 
| 105|0x0000000086900000, 0x0000000086a00000, 0x0000000086a00000|100%| E|CS|TAMS 0x0000000086900000| PB 0x0000000086900000| Complete 
| 106|0x0000000086a00000, 0x0000000086b00000, 0x0000000086b00000|100%| E|CS|TAMS 0x0000000086a00000| PB 0x0000000086a00000| Complete 
| 107|0x0000000086b00000, 0x0000000086c00000, 0x0000000086c00000|100%| E|CS|TAMS 0x0000000086b00000| PB 0x0000000086b00000| Complete 
| 108|0x0000000086c00000, 0x0000000086d00000, 0x0000000086d00000|100%| E|CS|TAMS 0x0000000086c00000| PB 0x0000000086c00000| Complete 
| 109|0x0000000086d00000, 0x0000000086e00000, 0x0000000086e00000|100%| E|CS|TAMS 0x0000000086d00000| PB 0x0000000086d00000| Complete 
| 110|0x0000000086e00000, 0x0000000086f00000, 0x0000000086f00000|100%| E|CS|TAMS 0x0000000086e00000| PB 0x0000000086e00000| Complete 
| 111|0x0000000086f00000, 0x0000000087000000, 0x0000000087000000|100%| E|CS|TAMS 0x0000000086f00000| PB 0x0000000086f00000| Complete 
| 112|0x0000000087000000, 0x0000000087100000, 0x0000000087100000|100%| E|CS|TAMS 0x0000000087000000| PB 0x0000000087000000| Complete 
| 113|0x0000000087100000, 0x0000000087200000, 0x0000000087200000|100%| E|CS|TAMS 0x0000000087100000| PB 0x0000000087100000| Complete 
| 114|0x0000000087200000, 0x0000000087300000, 0x0000000087300000|100%| E|CS|TAMS 0x0000000087200000| PB 0x0000000087200000| Complete 
| 115|0x0000000087300000, 0x0000000087400000, 0x0000000087400000|100%| E|CS|TAMS 0x0000000087300000| PB 0x0000000087300000| Complete 
| 116|0x0000000087400000, 0x0000000087500000, 0x0000000087500000|100%| E|CS|TAMS 0x0000000087400000| PB 0x0000000087400000| Complete 
| 117|0x0000000087500000, 0x0000000087600000, 0x0000000087600000|100%| E|CS|TAMS 0x0000000087500000| PB 0x0000000087500000| Complete 

Card table byte_map: [0x00000285478c0000,0x0000028547cc0000] _byte_map_base: 0x00000285474c0000

Marking Bits: (CMBitMap*) 0x000002852de03460
 Bits: [0x0000028547cc0000, 0x0000028549cc0000)

Polling page: 0x000002852de70000

Metaspace:

Usage:
  Non-class:     11.58 MB used.
      Class:      1.80 MB used.
       Both:     13.38 MB used.

Virtual space:
  Non-class space:       64.00 MB reserved,      11.81 MB ( 18%) committed,  1 nodes.
      Class space:        1.00 GB reserved,       2.00 MB ( <1%) committed,  1 nodes.
             Both:        1.06 GB reserved,      13.81 MB (  1%) committed. 

Chunk freelists:
   Non-Class:  4.08 MB
       Class:  14.02 MB
        Both:  18.09 MB

MaxMetaspaceSize: unlimited
CompressedClassSpaceSize: 1.00 GB
Initial GC threshold: 21.00 MB
Current GC threshold: 21.00 MB
CDS: on
 - commit_granule_bytes: 65536.
 - commit_granule_words: 8192.
 - virtual_space_node_default_size: 8388608.
 - enlarge_chunks_in_place: 1.
 - use_allocation_guard: 0.


Internal statistics:

num_allocs_failed_limit: 0.
num_arena_births: 448.
num_arena_deaths: 0.
num_vsnodes_births: 2.
num_vsnodes_deaths: 0.
num_space_committed: 221.
num_space_uncommitted: 0.
num_chunks_returned_to_freelist: 0.
num_chunks_taken_from_freelist: 888.
num_chunk_merges: 0.
num_chunk_splits: 571.
num_chunks_enlarged: 405.
num_inconsistent_stats: 0.

CodeHeap 'non-profiled nmethods': size=120000Kb used=1174Kb max_used=1174Kb free=118825Kb
 bounds [0x000002853f300000, 0x000002853f570000, 0x0000028546830000]
CodeHeap 'profiled nmethods': size=120000Kb used=5000Kb max_used=5000Kb free=114999Kb
 bounds [0x0000028537830000, 0x0000028537d20000, 0x000002853ed60000]
CodeHeap 'non-nmethods': size=5760Kb used=1456Kb max_used=1467Kb free=4303Kb
 bounds [0x000002853ed60000, 0x000002853efd0000, 0x000002853f300000]
 total_blobs=3037 nmethods=2492 adapters=449
 compilation: enabled
              stopped_count=0, restarted_count=0
 full_count=0

Compilation events (20 events):
Event: 3.846 Thread 0x000002854c9f8210 2474       3       java.lang.Class::privateGetDeclaredMethods (64 bytes)
Event: 3.847 Thread 0x000002854c9f8210 nmethod 2474 0x0000028537d09510 code [0x0000028537d09740, 0x0000028537d09f20]
Event: 3.847 Thread 0x000002854c9f8210 2477       3       java.lang.reflect.Modifier::isAbstract (14 bytes)
Event: 3.848 Thread 0x000002854c9f8210 nmethod 2477 0x0000028537d0a190 code [0x0000028537d0a320, 0x0000028537d0a468]
Event: 3.848 Thread 0x000002854c9f8210 2476       3       com.google.common.base.Preconditions::checkPositionIndexes (29 bytes)
Event: 3.848 Thread 0x000002854c9f8210 nmethod 2476 0x0000028537d0a510 code [0x0000028537d0a6e0, 0x0000028537d0a980]
Event: 3.848 Thread 0x000002854c9f8210 2478       1       org.gradle.internal.instantiation.generator.AbstractClassGenerator$PropertyMetadata::getName (5 bytes)
Event: 3.848 Thread 0x000002854c9f8210 nmethod 2478 0x000002853f424b10 code [0x000002853f424ca0, 0x000002853f424d68]
Event: 3.848 Thread 0x000002854c9f8210 2479       3       org.objectweb.asm.Frame::push (109 bytes)
Event: 3.849 Thread 0x000002854c9f8210 nmethod 2479 0x0000028537d0aa90 code [0x0000028537d0ac60, 0x0000028537d0b1c8]
Event: 3.849 Thread 0x000002854c9f8210 2480       3       org.objectweb.asm.SymbolTable$Entry::<init> (17 bytes)
Event: 3.849 Thread 0x000002854c9f8210 nmethod 2480 0x0000028537d0b390 code [0x0000028537d0b540, 0x0000028537d0b6c0]
Event: 3.849 Thread 0x000002854c9f8210 2481       3       org.objectweb.asm.ByteVector::put12 (64 bytes)
Event: 3.849 Thread 0x000002854c9f8210 nmethod 2481 0x0000028537d0b790 code [0x0000028537d0b940, 0x0000028537d0bb78]
Event: 3.849 Thread 0x000002854c9f8210 2483       3       org.objectweb.asm.SymbolTable::addType (81 bytes)
Event: 3.850 Thread 0x000002854c9f8210 nmethod 2483 0x0000028537d0bd10 code [0x0000028537d0bf20, 0x0000028537d0c478]
Event: 3.850 Thread 0x000002854c9f8210 2484       3       org.objectweb.asm.Frame::pop (44 bytes)
Event: 3.850 Thread 0x000002854c9f8210 nmethod 2484 0x0000028537d0c710 code [0x0000028537d0c8a0, 0x0000028537d0ca40]
Event: 3.850 Thread 0x000002854c9f8210 2485       3       jdk.internal.org.objectweb.asm.ClassReader::readUnsignedShort (26 bytes)
Event: 3.850 Thread 0x000002854c9f8210 nmethod 2485 0x0000028537d0cb10 code [0x0000028537d0cca0, 0x0000028537d0ce10]

GC Heap History (6 events):
Event: 0.683 GC heap before
{Heap before GC invocations=0 (full 0):
 garbage-first heap   total 120832K, used 26624K [0x0000000080000000, 0x0000000100000000)
  region size 1024K, 23 young (23552K), 0 survivors (0K)
 Metaspace       used 1096K, committed 1216K, reserved 1114112K
  class space    used 76K, committed 128K, reserved 1048576K
}
Event: 0.689 GC heap after
{Heap after GC invocations=1 (full 0):
 garbage-first heap   total 120832K, used 10400K [0x0000000080000000, 0x0000000100000000)
  region size 1024K, 3 young (3072K), 3 survivors (3072K)
 Metaspace       used 1096K, committed 1216K, reserved 1114112K
  class space    used 76K, committed 128K, reserved 1048576K
}
Event: 1.539 GC heap before
{Heap before GC invocations=1 (full 0):
 garbage-first heap   total 120832K, used 40096K [0x0000000080000000, 0x0000000100000000)
  region size 1024K, 33 young (33792K), 3 survivors (3072K)
 Metaspace       used 4302K, committed 4480K, reserved 1114112K
  class space    used 533K, committed 640K, reserved 1048576K
}
Event: 1.547 GC heap after
{Heap after GC invocations=2 (full 0):
 garbage-first heap   total 120832K, used 12123K [0x0000000080000000, 0x0000000100000000)
  region size 1024K, 2 young (2048K), 2 survivors (2048K)
 Metaspace       used 4302K, committed 4480K, reserved 1114112K
  class space    used 533K, committed 640K, reserved 1048576K
}
Event: 3.247 GC heap before
{Heap before GC invocations=2 (full 0):
 garbage-first heap   total 120832K, used 69467K [0x0000000080000000, 0x0000000100000000)
  region size 1024K, 57 young (58368K), 2 survivors (2048K)
 Metaspace       used 9368K, committed 9664K, reserved 1114112K
  class space    used 1222K, committed 1344K, reserved 1048576K
}
Event: 3.256 GC heap after
{Heap after GC invocations=3 (full 0):
 garbage-first heap   total 120832K, used 20026K [0x0000000080000000, 0x0000000100000000)
  region size 1024K, 8 young (8192K), 8 survivors (8192K)
 Metaspace       used 9368K, committed 9664K, reserved 1114112K
  class space    used 1222K, committed 1344K, reserved 1048576K
}

Dll operation events (15 events):
Event: 0.012 Loaded shared library C:\Program Files\Java\jdk-21\bin\java.dll
Event: 0.051 Loaded shared library C:\Program Files\Java\jdk-21\bin\jsvml.dll
Event: 0.104 Loaded shared library C:\Program Files\Java\jdk-21\bin\zip.dll
Event: 0.109 Loaded shared library C:\Program Files\Java\jdk-21\bin\instrument.dll
Event: 0.114 Loaded shared library C:\Program Files\Java\jdk-21\bin\net.dll
Event: 0.117 Loaded shared library C:\Program Files\Java\jdk-21\bin\nio.dll
Event: 0.121 Loaded shared library C:\Program Files\Java\jdk-21\bin\zip.dll
Event: 0.462 Loaded shared library C:\Program Files\Java\jdk-21\bin\jimage.dll
Event: 0.709 Loaded shared library C:\Program Files\Java\jdk-21\bin\verify.dll
Event: 0.896 Loaded shared library C:\Users\prathamesh\.gradle\native\c067742578af261105cb4f569cf0c3c89f3d7b1fecec35dd04571415982c5e48\windows-amd64\native-platform.dll
Event: 0.904 Loaded shared library C:\Users\prathamesh\.gradle\native\100fb08df4bc3b14c8652ba06237920a3bd2aa13389f12d3474272988ae205f9\windows-amd64\native-platform-file-events.dll
Event: 2.737 Loaded shared library C:\Program Files\Java\jdk-21\bin\management.dll
Event: 2.740 Loaded shared library C:\Program Files\Java\jdk-21\bin\management_ext.dll
Event: 3.082 Loaded shared library C:\Program Files\Java\jdk-21\bin\extnet.dll
Event: 3.321 Loaded shared library C:\Program Files\Java\jdk-21\bin\sunmscapi.dll

Deoptimization events (20 events):
Event: 3.459 Thread 0x0000028593500040 Uncommon trap: trap_request=0xffffffc6 fr.pc=0x000002853f40ff40 relative=0x0000000000000840
Event: 3.459 Thread 0x0000028593500040 Uncommon trap: reason=bimorphic_or_optimized_type_check action=maybe_recompile pc=0x000002853f40ff40 method=java.util.HashMap.putVal(ILjava/lang/Object;Ljava/lang/Object;ZZ)Ljava/lang/Object; @ 253 c2
Event: 3.459 Thread 0x0000028593500040 DEOPT PACKING pc=0x000002853f40ff40 sp=0x000000eae61fed40
Event: 3.459 Thread 0x0000028593500040 DEOPT UNPACKING pc=0x000002853edb46a2 sp=0x000000eae61fecd0 mode 2
Event: 3.459 Thread 0x0000028593500040 Uncommon trap: trap_request=0xffffffc6 fr.pc=0x000002853f40ff40 relative=0x0000000000000840
Event: 3.459 Thread 0x0000028593500040 Uncommon trap: reason=bimorphic_or_optimized_type_check action=maybe_recompile pc=0x000002853f40ff40 method=java.util.HashMap.putVal(ILjava/lang/Object;Ljava/lang/Object;ZZ)Ljava/lang/Object; @ 253 c2
Event: 3.459 Thread 0x0000028593500040 DEOPT PACKING pc=0x000002853f40ff40 sp=0x000000eae61fec50
Event: 3.459 Thread 0x0000028593500040 DEOPT UNPACKING pc=0x000002853edb46a2 sp=0x000000eae61febe0 mode 2
Event: 3.700 Thread 0x0000028593500040 Uncommon trap: trap_request=0xffffff45 fr.pc=0x000002853f3a5840 relative=0x00000000000001e0
Event: 3.700 Thread 0x0000028593500040 Uncommon trap: reason=unstable_if action=reinterpret pc=0x000002853f3a5840 method=java.util.HashMap.getNode(Ljava/lang/Object;)Ljava/util/HashMap$Node; @ 66 c2
Event: 3.700 Thread 0x0000028593500040 DEOPT PACKING pc=0x000002853f3a5840 sp=0x000000eae61fc990
Event: 3.700 Thread 0x0000028593500040 DEOPT UNPACKING pc=0x000002853edb46a2 sp=0x000000eae61fc8b0 mode 2
Event: 3.700 Thread 0x0000028593500040 Uncommon trap: trap_request=0xffffff45 fr.pc=0x000002853f384820 relative=0x00000000000001c0
Event: 3.700 Thread 0x0000028593500040 Uncommon trap: reason=unstable_if action=reinterpret pc=0x000002853f384820 method=java.util.HashMap.getNode(Ljava/lang/Object;)Ljava/util/HashMap$Node; @ 66 c2
Event: 3.700 Thread 0x0000028593500040 DEOPT PACKING pc=0x000002853f384820 sp=0x000000eae61fc930
Event: 3.700 Thread 0x0000028593500040 DEOPT UNPACKING pc=0x000002853edb46a2 sp=0x000000eae61fc8b0 mode 2
Event: 3.716 Thread 0x0000028593500040 Uncommon trap: trap_request=0xffffff45 fr.pc=0x000002853f3940c4 relative=0x0000000000000284
Event: 3.716 Thread 0x0000028593500040 Uncommon trap: reason=unstable_if action=reinterpret pc=0x000002853f3940c4 method=java.util.concurrent.ConcurrentHashMap.get(Ljava/lang/Object;)Ljava/lang/Object; @ 76 c2
Event: 3.716 Thread 0x0000028593500040 DEOPT PACKING pc=0x000002853f3940c4 sp=0x000000eae61fbee0
Event: 3.716 Thread 0x0000028593500040 DEOPT UNPACKING pc=0x000002853edb46a2 sp=0x000000eae61fbe58 mode 2

Classes loaded (20 events):
Event: 3.720 Loading class java/util/stream/MatchOps$MatchOp
Event: 3.720 Loading class java/util/stream/MatchOps$MatchOp done
Event: 3.720 Loading class java/util/stream/MatchOps$BooleanTerminalSink
Event: 3.720 Loading class java/util/stream/MatchOps$BooleanTerminalSink done
Event: 3.721 Loading class java/util/stream/MatchOps$1MatchSink
Event: 3.721 Loading class java/util/stream/MatchOps$1MatchSink done
Event: 3.747 Loading class java/lang/TypeNotPresentException
Event: 3.747 Loading class java/lang/TypeNotPresentException done
Event: 3.802 Loading class java/lang/management/MemoryType
Event: 3.802 Loading class java/lang/management/MemoryType done
Event: 3.804 Loading class java/lang/management/MemoryUsage
Event: 3.804 Loading class java/lang/management/MemoryUsage done
Event: 3.804 Loading class java/util/concurrent/LinkedBlockingDeque$Node
Event: 3.804 Loading class java/util/concurrent/LinkedBlockingDeque$Node done
Event: 3.810 Loading class java/util/ConcurrentModificationException
Event: 3.810 Loading class java/util/ConcurrentModificationException done
Event: 3.827 Loading class jdk/internal/org/objectweb/asm/ClassReader
Event: 3.828 Loading class jdk/internal/org/objectweb/asm/ClassReader done
Event: 3.843 Loading class sun/reflect/generics/scope/ConstructorScope
Event: 3.844 Loading class sun/reflect/generics/scope/ConstructorScope done

Classes unloaded (0 events):
No events

Classes redefined (0 events):
No events

Internal exceptions (20 events):
Event: 2.805 Thread 0x000002852d9c6ae0 Exception <a 'java/lang/NoSuchMethodError'{0x00000000846d83a8}: 'java.lang.Object java.lang.invoke.DelegatingMethodHandle$Holder.reinvoke_L(java.lang.Object, java.lang.Object, java.lang.Object, java.lang.Object, java.lang.Object, java.lang.Object, java.lang.Object, java.lang.Object, java.lang.Object, java.lang.Object, java.lang.Object, java.lang.Object, java.lang.Object, java.lang.Object)'> (0x00000000846d83a8) 
thrown [s\open\src\hotspot\share\interpreter\linkResolver.cpp, line 773]
Event: 2.817 Thread 0x000002852d9c6ae0 Exception <a 'java/lang/NoSuchMethodError'{0x0000000084524ff8}: 'java.lang.Object java.lang.invoke.DirectMethodHandle$Holder.invokeStatic(java.lang.Object, java.lang.Object, java.lang.Object, java.lang.Object, java.lang.Object, java.lang.Object, java.lang.Object, java.lang.Object, java.lang.Object, java.lang.Object, java.lang.Object, java.lang.Object, java.lang.Object)'> (0x0000000084524ff8) 
thrown [s\open\src\hotspot\share\interpreter\linkResolver.cpp, line 773]
Event: 2.820 Thread 0x000002852d9c6ae0 Exception <a 'java/lang/NoSuchMethodError'{0x0000000084544190}: 'java.lang.Object java.lang.invoke.DirectMethodHandle$Holder.invokeStatic(java.lang.Object, java.lang.Object, java.lang.Object, java.lang.Object, java.lang.Object, java.lang.Object, java.lang.Object, java.lang.Object, java.lang.Object, java.lang.Object, java.lang.Object, java.lang.Object, java.lang.Object, java.lang.Object)'> (0x0000000084544190) 
thrown [s\open\src\hotspot\share\interpreter\linkResolver.cpp, line 773]
Event: 2.823 Thread 0x000002852d9c6ae0 Exception <a 'java/lang/NoSuchMethodError'{0x00000000845642c0}: 'java.lang.Object java.lang.invoke.DirectMethodHandle$Holder.invokeStatic(java.lang.Object, java.lang.Object, java.lang.Object, java.lang.Object, java.lang.Object, java.lang.Object, java.lang.Object, java.lang.Object, java.lang.Object, java.lang.Object, java.lang.Object, java.lang.Object, java.lang.Object, java.lang.Object, java.lang.Object)'> (0x00000000845642c0) 
thrown [s\open\src\hotspot\share\interpreter\linkResolver.cpp, line 773]
Event: 2.827 Thread 0x000002852d9c6ae0 Exception <a 'java/lang/NoSuchMethodError'{0x0000000084586c48}: 'java.lang.Object java.lang.invoke.DirectMethodHandle$Holder.invokeStatic(java.lang.Object, java.lang.Object, java.lang.Object, java.lang.Object, java.lang.Object, java.lang.Object, java.lang.Object, java.lang.Object, java.lang.Object, java.lang.Object, java.lang.Object, java.lang.Object, java.lang.Object, java.lang.Object, java.lang.Object, java.lang.Object)'> (0x0000000084586c48) 
thrown [s\open\src\hotspot\share\interpreter\linkResolver.cpp
Event: 2.913 Thread 0x000002852d9c6ae0 Exception <a 'java/lang/NoSuchMethodError'{0x00000000843daa58}: 'java.lang.Object java.lang.invoke.DirectMethodHandle$Holder.invokeVirtual(java.lang.Object, java.lang.Object, java.lang.Object, java.lang.Object, java.lang.Object, java.lang.Object, java.lang.Object)'> (0x00000000843daa58) 
thrown [s\open\src\hotspot\share\interpreter\linkResolver.cpp, line 773]
Event: 2.930 Thread 0x000002852d9c6ae0 Exception <a 'java/lang/NoSuchMethodError'{0x0000000084267f38}: 'java.lang.Object java.lang.invoke.DirectMethodHandle$Holder.invokeVirtual(java.lang.Object, java.lang.Object, java.lang.Object, java.lang.Object, java.lang.Object, java.lang.Object, java.lang.Object, java.lang.Object, java.lang.Object)'> (0x0000000084267f38) 
thrown [s\open\src\hotspot\share\interpreter\linkResolver.cpp, line 773]
Event: 3.022 Thread 0x000002852d9c6ae0 Exception <a 'java/lang/NoSuchMethodError'{0x0000000084003a18}: 'java.lang.Object java.lang.invoke.DirectMethodHandle$Holder.invokeStaticInit(java.lang.Object, int, int, int, int)'> (0x0000000084003a18) 
thrown [s\open\src\hotspot\share\interpreter\linkResolver.cpp, line 773]
Event: 3.059 Thread 0x000002852d9c6ae0 Exception <a 'java/lang/NoSuchMethodError'{0x000000008408cac0}: 'java.lang.Object java.lang.invoke.DirectMethodHandle$Holder.invokeStaticInit(java.lang.Object, java.lang.Object, int, int, int, int)'> (0x000000008408cac0) 
thrown [s\open\src\hotspot\share\interpreter\linkResolver.cpp, line 773]
Event: 3.244 Thread 0x000002852d9c6ae0 Exception <a 'java/io/IOException'{0x0000000083def600}> (0x0000000083def600) 
thrown [s\open\src\hotspot\share\prims\jni.cpp, line 520]
Event: 3.263 Thread 0x000002852d9c6ae0 Implicit null exception at 0x000002853f3507a0 to 0x000002853f350d3c
Event: 3.448 Thread 0x00000285934ff320 Exception <a 'java/lang/NoSuchMethodError'{0x00000000871f4ff0}: 'void java.lang.invoke.DirectMethodHandle$Holder.invokeSpecial(java.lang.Object, java.lang.Object, java.lang.Object)'> (0x00000000871f4ff0) 
thrown [s\open\src\hotspot\share\interpreter\linkResolver.cpp, line 773]
Event: 3.538 Thread 0x0000028593500040 Exception <a 'java/lang/NoSuchMethodError'{0x0000000086eba8f0}: 'long java.lang.invoke.DirectMethodHandle$Holder.invokeInterface(java.lang.Object, java.lang.Object)'> (0x0000000086eba8f0) 
thrown [s\open\src\hotspot\share\interpreter\linkResolver.cpp, line 773]
Event: 3.647 Thread 0x0000028593500040 Exception <a 'java/lang/NoSuchMethodError'{0x0000000086ad6248}: 'void java.lang.invoke.DirectMethodHandle$Holder.invokeStatic(java.lang.Object, java.lang.Object)'> (0x0000000086ad6248) 
thrown [s\open\src\hotspot\share\interpreter\linkResolver.cpp, line 773]
Event: 3.657 Thread 0x0000028593500040 Exception <a 'java/lang/NoSuchMethodError'{0x0000000086918718}: 'java.lang.Object java.lang.invoke.DirectMethodHandle$Holder.invokeVirtual(java.lang.Object, java.lang.Object, java.lang.Object, java.lang.Object, java.lang.Object, java.lang.Object, java.lang.Object, java.lang.Object, java.lang.Object, java.lang.Object, java.lang.Object, java.lang.Object)'> (0x0000000086918718) 
thrown [s\open\src\hotspot\share\interpreter\linkResolver.cpp, line 773]
Event: 3.658 Thread 0x0000028593500040 Exception <a 'java/lang/NoSuchMethodError'{0x000000008691d788}: 'java.lang.Object java.lang.invoke.DirectMethodHandle$Holder.invokeSpecial(java.lang.Object, java.lang.Object, java.lang.Object, java.lang.Object, java.lang.Object, java.lang.Object, java.lang.Object, java.lang.Object, java.lang.Object, java.lang.Object, java.lang.Object, java.lang.Object, java.lang.Object)'> (0x000000008691d788) 
thrown [s\open\src\hotspot\share\interpreter\linkResolver.cpp, line 773]
Event: 3.710 Thread 0x0000028593500040 Exception <a 'java/lang/NoSuchMethodError'{0x00000000868c7b00}: 'java.lang.Object java.lang.invoke.DirectMethodHandle$Holder.newInvokeSpecial(java.lang.Object, java.lang.Object, java.lang.Object, java.lang.Object, java.lang.Object)'> (0x00000000868c7b00) 
thrown [s\open\src\hotspot\share\interpreter\linkResolver.cpp, line 773]
Event: 3.725 Thread 0x0000028593500040 Exception <a 'java/lang/NoSuchMethodError'{0x00000000867200f8}: 'int java.lang.invoke.DirectMethodHandle$Holder.invokeVirtual(java.lang.Object, java.lang.Object, java.lang.Object)'> (0x00000000867200f8) 
thrown [s\open\src\hotspot\share\interpreter\linkResolver.cpp, line 773]
Event: 3.781 Thread 0x0000028593500040 Exception <a 'java/lang/NoSuchMethodError'{0x000000008657b830}: 'java.lang.Object java.lang.invoke.DirectMethodHandle$Holder.newInvokeSpecial(java.lang.Object, java.lang.Object, java.lang.Object, java.lang.Object, java.lang.Object, java.lang.Object)'> (0x000000008657b830) 
thrown [s\open\src\hotspot\share\interpreter\linkResolver.cpp, line 773]
Event: 3.786 Thread 0x0000028593500040 Exception <a 'java/lang/NoSuchMethodError'{0x000000008659d0d0}: 'void java.lang.invoke.DirectMethodHandle$Holder.invokeStaticInit(java.lang.Object, java.lang.Object)'> (0x000000008659d0d0) 
thrown [s\open\src\hotspot\share\interpreter\linkResolver.cpp, line 773]

ZGC Phase Switch (0 events):
No events

VM Operations (20 events):
Event: 2.795 Executing VM operation: HandshakeAllThreads (Deoptimize)
Event: 2.795 Executing VM operation: HandshakeAllThreads (Deoptimize) done
Event: 2.795 Executing VM operation: HandshakeAllThreads (Deoptimize)
Event: 2.795 Executing VM operation: HandshakeAllThreads (Deoptimize) done
Event: 2.858 Executing VM operation: HandshakeAllThreads (Deoptimize)
Event: 2.858 Executing VM operation: HandshakeAllThreads (Deoptimize) done
Event: 2.909 Executing VM operation: HandshakeAllThreads (Deoptimize)
Event: 2.909 Executing VM operation: HandshakeAllThreads (Deoptimize) done
Event: 2.978 Executing VM operation: HandshakeAllThreads (Deoptimize)
Event: 2.978 Executing VM operation: HandshakeAllThreads (Deoptimize) done
Event: 3.047 Executing VM operation: HandshakeAllThreads (Deoptimize)
Event: 3.047 Executing VM operation: HandshakeAllThreads (Deoptimize) done
Event: 3.198 Executing VM operation: HandshakeAllThreads (Deoptimize)
Event: 3.198 Executing VM operation: HandshakeAllThreads (Deoptimize) done
Event: 3.247 Executing VM operation: G1CollectForAllocation (G1 Evacuation Pause)
Event: 3.257 Executing VM operation: G1CollectForAllocation (G1 Evacuation Pause) done
Event: 3.299 Executing VM operation: HandshakeAllThreads (Deoptimize)
Event: 3.299 Executing VM operation: HandshakeAllThreads (Deoptimize) done
Event: 3.840 Executing VM operation: HandshakeAllThreads (Deoptimize)
Event: 3.840 Executing VM operation: HandshakeAllThreads (Deoptimize) done

Events (20 events):
Event: 0.049 Thread 0x000002854c9e66f0 Thread added: 0x000002854c9e66f0
Event: 0.049 Thread 0x000002854c9e6d80 Thread added: 0x000002854c9e6d80
Event: 0.050 Thread 0x000002854c9f4140 Thread added: 0x000002854c9f4140
Event: 0.050 Thread 0x000002854c9f8210 Thread added: 0x000002854c9f8210
Event: 0.075 Thread 0x000002854c9e6060 Thread added: 0x000002854c9e6060
Event: 0.141 Thread 0x000002854c9e7410 Thread added: 0x000002854c9e7410
Event: 0.463 Thread 0x000002854ce24bd0 Thread added: 0x000002854ce24bd0
Event: 1.573 Thread 0x000002854ce24bd0 Thread exited: 0x000002854ce24bd0
Event: 2.419 Thread 0x0000028592b2f0b0 Thread added: 0x0000028592b2f0b0
Event: 2.796 Thread 0x000002854c9e4cb0 Thread added: 0x000002854c9e4cb0
Event: 3.148 Thread 0x000002854c9e5340 Thread added: 0x000002854c9e5340
Event: 3.270 Thread 0x000002854c9e59d0 Thread added: 0x000002854c9e59d0
Event: 3.375 Thread 0x00000285934ff320 Thread added: 0x00000285934ff320
Event: 3.380 Thread 0x00000285934fec90 Thread added: 0x00000285934fec90
Event: 3.437 Thread 0x00000285935006d0 Thread added: 0x00000285935006d0
Event: 3.449 Thread 0x0000028593500040 Thread added: 0x0000028593500040
Event: 3.467 Thread 0x00000285934fe600 Thread added: 0x00000285934fe600
Event: 3.473 Thread 0x00000285934ff9b0 Thread added: 0x00000285934ff9b0
Event: 3.477 Thread 0x0000028593500d60 Thread added: 0x0000028593500d60
Event: 3.788 Thread 0x0000028592b2f0b0 Thread exited: 0x0000028592b2f0b0


Dynamic libraries:
0x00007ff7bbf70000 - 0x00007ff7bbf80000 	C:\Program Files\Java\jdk-21\bin\java.exe
0x00007fff0d6a0000 - 0x00007fff0d908000 	C:\WINDOWS\SYSTEM32\ntdll.dll
0x00007fff0b500000 - 0x00007fff0b5c9000 	C:\WINDOWS\System32\KERNEL32.DLL
0x00007fff0a7f0000 - 0x00007fff0abdd000 	C:\WINDOWS\System32\KERNELBASE.dll
0x00007fff0ac10000 - 0x00007fff0ad5b000 	C:\WINDOWS\System32\ucrtbase.dll
0x00007ffed7c80000 - 0x00007ffed7c99000 	C:\Program Files\Java\jdk-21\bin\jli.dll
0x00007ffed7ca0000 - 0x00007ffed7cbb000 	C:\Program Files\Java\jdk-21\bin\VCRUNTIME140.dll
0x00007fff0b440000 - 0x00007fff0b4f4000 	C:\WINDOWS\System32\ADVAPI32.dll
0x00007fff0b650000 - 0x00007fff0b6f9000 	C:\WINDOWS\System32\msvcrt.dll
0x00007fff0b710000 - 0x00007fff0b7b6000 	C:\WINDOWS\System32\sechost.dll
0x00007fff0c160000 - 0x00007fff0c278000 	C:\WINDOWS\System32\RPCRT4.dll
0x00007fff0d490000 - 0x00007fff0d65c000 	C:\WINDOWS\System32\USER32.dll
0x00007fff0abe0000 - 0x00007fff0ac07000 	C:\WINDOWS\System32\win32u.dll
0x00007ffeec990000 - 0x00007ffeecc2a000 	C:\WINDOWS\WinSxS\amd64_microsoft.windows.common-controls_6595b64144ccf1df_6.0.26100.4484_none_3e0e6d4ce32ef3b3\COMCTL32.dll
0x00007fff0cef0000 - 0x00007fff0cf1b000 	C:\WINDOWS\System32\GDI32.dll
0x00007fff0b020000 - 0x00007fff0b157000 	C:\WINDOWS\System32\gdi32full.dll
0x00007fff0af70000 - 0x00007fff0b013000 	C:\WINDOWS\System32\msvcp_win.dll
0x00007fff03be0000 - 0x00007fff03beb000 	C:\WINDOWS\SYSTEM32\VERSION.dll
0x00007fff0c120000 - 0x00007fff0c14f000 	C:\WINDOWS\System32\IMM32.DLL
0x00007ffef1a30000 - 0x00007ffef1a3c000 	C:\Program Files\Java\jdk-21\bin\vcruntime140_1.dll
0x00007ffea6770000 - 0x00007ffea67fe000 	C:\Program Files\Java\jdk-21\bin\msvcp140.dll
0x00007ffe3fc40000 - 0x00007ffe40953000 	C:\Program Files\Java\jdk-21\bin\server\jvm.dll
0x00007fff0b7f0000 - 0x00007fff0b864000 	C:\WINDOWS\System32\WS2_32.dll
0x00007fff0a640000 - 0x00007fff0a69e000 	C:\WINDOWS\SYSTEM32\POWRPROF.dll
0x00007fff03ba0000 - 0x00007fff03bd5000 	C:\WINDOWS\SYSTEM32\WINMM.dll
0x00007fff0a620000 - 0x00007fff0a634000 	C:\WINDOWS\SYSTEM32\UMPDC.dll
0x00007fff09590000 - 0x00007fff095ab000 	C:\WINDOWS\SYSTEM32\kernel.appcore.dll
0x00007ffef1860000 - 0x00007ffef186a000 	C:\Program Files\Java\jdk-21\bin\jimage.dll
0x00007ffefedf0000 - 0x00007ffeff031000 	C:\WINDOWS\SYSTEM32\DBGHELP.DLL
0x00007fff0cf80000 - 0x00007fff0d306000 	C:\WINDOWS\System32\combase.dll
0x00007fff0c030000 - 0x00007fff0c110000 	C:\WINDOWS\System32\OLEAUT32.dll
0x00007ffeec670000 - 0x00007ffeec6b3000 	C:\WINDOWS\SYSTEM32\dbgcore.DLL
0x00007fff0b2e0000 - 0x00007fff0b379000 	C:\WINDOWS\System32\bcryptPrimitives.dll
0x00007ffed2ec0000 - 0x00007ffed2ecf000 	C:\Program Files\Java\jdk-21\bin\instrument.dll
0x00007ffed3be0000 - 0x00007ffed3bff000 	C:\Program Files\Java\jdk-21\bin\java.dll
0x00007fff0b870000 - 0x00007fff0bfba000 	C:\WINDOWS\System32\SHELL32.dll
0x00007fff0b160000 - 0x00007fff0b2d4000 	C:\WINDOWS\System32\wintypes.dll
0x00007fff08430000 - 0x00007fff08c8b000 	C:\WINDOWS\SYSTEM32\windows.storage.dll
0x00007fff0c300000 - 0x00007fff0c3f5000 	C:\WINDOWS\System32\SHCORE.dll
0x00007fff0bfc0000 - 0x00007fff0c02a000 	C:\WINDOWS\System32\shlwapi.dll
0x00007fff0a700000 - 0x00007fff0a72f000 	C:\WINDOWS\SYSTEM32\profapi.dll
0x00007ffea4910000 - 0x00007ffea49e7000 	C:\Program Files\Java\jdk-21\bin\jsvml.dll
0x00007ffed2ca0000 - 0x00007ffed2cb8000 	C:\Program Files\Java\jdk-21\bin\zip.dll
0x00007ffeeff80000 - 0x00007ffeeff90000 	C:\Program Files\Java\jdk-21\bin\net.dll
0x00007fff03800000 - 0x00007fff0391e000 	C:\WINDOWS\SYSTEM32\WINHTTP.dll
0x00007fff09b20000 - 0x00007fff09b8a000 	C:\WINDOWS\system32\mswsock.dll
0x00007ffed3060000 - 0x00007ffed3076000 	C:\Program Files\Java\jdk-21\bin\nio.dll
0x00007ffed7c70000 - 0x00007ffed7c80000 	C:\Program Files\Java\jdk-21\bin\verify.dll
0x00007ffee5470000 - 0x00007ffee5497000 	C:\Users\prathamesh\.gradle\native\c067742578af261105cb4f569cf0c3c89f3d7b1fecec35dd04571415982c5e48\windows-amd64\native-platform.dll
0x00007ffeaa5a0000 - 0x00007ffeaa6e4000 	C:\Users\prathamesh\.gradle\native\100fb08df4bc3b14c8652ba06237920a3bd2aa13389f12d3474272988ae205f9\windows-amd64\native-platform-file-events.dll
0x00007ffed3990000 - 0x00007ffed399a000 	C:\Program Files\Java\jdk-21\bin\management.dll
0x00007ffed3800000 - 0x00007ffed380b000 	C:\Program Files\Java\jdk-21\bin\management_ext.dll
0x00007fff0b700000 - 0x00007fff0b708000 	C:\WINDOWS\System32\PSAPI.DLL
0x00007fff09de0000 - 0x00007fff09dfb000 	C:\WINDOWS\SYSTEM32\CRYPTSP.dll
0x00007fff094f0000 - 0x00007fff0952b000 	C:\WINDOWS\system32\rsaenh.dll
0x00007fff09bc0000 - 0x00007fff09beb000 	C:\WINDOWS\SYSTEM32\USERENV.dll
0x00007fff0a6d0000 - 0x00007fff0a6f6000 	C:\WINDOWS\SYSTEM32\bcrypt.dll
0x00007fff09dd0000 - 0x00007fff09ddc000 	C:\WINDOWS\SYSTEM32\CRYPTBASE.dll
0x00007fff08fa0000 - 0x00007fff08fd3000 	C:\WINDOWS\SYSTEM32\IPHLPAPI.DLL
0x00007fff0d310000 - 0x00007fff0d31a000 	C:\WINDOWS\System32\NSI.dll
0x00007ffed36c0000 - 0x00007ffed36c9000 	C:\Program Files\Java\jdk-21\bin\extnet.dll
0x00007ffefaac0000 - 0x00007ffefaace000 	C:\Program Files\Java\jdk-21\bin\sunmscapi.dll
0x00007fff0adf0000 - 0x00007fff0af67000 	C:\WINDOWS\System32\CRYPT32.dll
0x00007fff09ff0000 - 0x00007fff0a020000 	C:\WINDOWS\SYSTEM32\ncrypt.dll
0x00007fff09fa0000 - 0x00007fff09fdf000 	C:\WINDOWS\SYSTEM32\NTASN1.dll
0x00007ffe72370000 - 0x00007ffe72378000 	C:\WINDOWS\system32\wshunix.dll

dbghelp: loaded successfully - version: 4.0.5 - missing functions: none
symbol engine: initialized successfully - sym options: 0x614 - pdb path: .;C:\Program Files\Java\jdk-21\bin;C:\WINDOWS\SYSTEM32;C:\WINDOWS\WinSxS\amd64_microsoft.windows.common-controls_6595b64144ccf1df_6.0.26100.4484_none_3e0e6d4ce32ef3b3;C:\Program Files\Java\jdk-21\bin\server;C:\Users\prathamesh\.gradle\native\c067742578af261105cb4f569cf0c3c89f3d7b1fecec35dd04571415982c5e48\windows-amd64;C:\Users\prathamesh\.gradle\native\100fb08df4bc3b14c8652ba06237920a3bd2aa13389f12d3474272988ae205f9\windows-amd64

VM Arguments:
jvm_args: --add-opens=java.base/java.util=ALL-UNNAMED --add-opens=java.base/java.lang=ALL-UNNAMED --add-opens=java.base/java.lang.invoke=ALL-UNNAMED --add-opens=java.prefs/java.util.prefs=ALL-UNNAMED --add-exports=jdk.compiler/com.sun.tools.javac.api=ALL-UNNAMED --add-exports=jdk.compiler/com.sun.tools.javac.util=ALL-UNNAMED --add-opens=java.base/java.nio.charset=ALL-UNNAMED --add-opens=java.base/java.net=ALL-UNNAMED --add-opens=java.base/java.util.concurrent.atomic=ALL-UNNAMED -Xmx2048m -Dfile.encoding=UTF-8 -Duser.country=IN -Duser.language=en -Duser.variant -javaagent:C:\Users\prathamesh\.gradle\wrapper\dists\gradle-8.9-bin\90cnw93cvbtalezasaz0blq0a\gradle-8.9\lib\agents\gradle-instrumentation-agent-8.9.jar 
java_command: org.gradle.launcher.daemon.bootstrap.GradleDaemon 8.9
java_class_path (initial): C:\Users\prathamesh\.gradle\wrapper\dists\gradle-8.9-bin\90cnw93cvbtalezasaz0blq0a\gradle-8.9\lib\gradle-daemon-main-8.9.jar
Launcher Type: SUN_STANDARD

[Global flags]
     intx CICompilerCount                          = 4                                         {product} {ergonomic}
     uint ConcGCThreads                            = 3                                         {product} {ergonomic}
     uint G1ConcRefinementThreads                  = 10                                        {product} {ergonomic}
   size_t G1HeapRegionSize                         = 1048576                                   {product} {ergonomic}
    uintx GCDrainStackTargetSize                   = 64                                        {product} {ergonomic}
   size_t InitialHeapSize                          = 123731968                                 {product} {ergonomic}
   size_t MarkStackSize                            = 4194304                                   {product} {ergonomic}
   size_t MaxHeapSize                              = 2147483648                                {product} {command line}
   size_t MaxNewSize                               = 1287651328                                {product} {ergonomic}
   size_t MinHeapDeltaBytes                        = 1048576                                   {product} {ergonomic}
   size_t MinHeapSize                              = 8388608                                   {product} {ergonomic}
    uintx NonNMethodCodeHeapSize                   = 5839372                                {pd product} {ergonomic}
    uintx NonProfiledCodeHeapSize                  = 122909434                              {pd product} {ergonomic}
    uintx ProfiledCodeHeapSize                     = 122909434                              {pd product} {ergonomic}
    uintx ReservedCodeCacheSize                    = 251658240                              {pd product} {ergonomic}
     bool SegmentedCodeCache                       = true                                      {product} {ergonomic}
   size_t SoftMaxHeapSize                          = 2147483648                             {manageable} {ergonomic}
     bool UseCompressedOops                        = true                           {product lp64_product} {ergonomic}
     bool UseG1GC                                  = true                                      {product} {ergonomic}
     bool UseLargePagesIndividualAllocation        = false                                  {pd product} {ergonomic}

Logging:
Log output configuration:
 #0: stdout all=warning uptime,level,tags foldmultilines=false
 #1: stderr all=off uptime,level,tags foldmultilines=false

Environment Variables:
JAVA_HOME=C:\Program Files\Java\jdk-21
CLASSPATH=C:\Users\prathamesh\AndroidStudioProjects\Womensafetyapp\\gradle\wrapper\gradle-wrapper.jar
PATH=C:\Python313\Scripts\;C:\Python313\;C:\Program Files\Common Files\Oracle\Java\javapath;C:\WINDOWS\system32;C:\WINDOWS;C:\WINDOWS\System32\Wbem;C:\WINDOWS\System32\WindowsPowerShell\v1.0\;C:\WINDOWS\System32\OpenSSH\;C:\Program Files\HP\HP One Agent;C:\Program Files\Java\jdk-21\bin;C:\WINDOWS\system32;C:\WINDOWS;C:\WINDOWS\System32\Wbem;C:\WINDOWS\System32\WindowsPowerShell\v1.0\;C:\WINDOWS\System32\OpenSSH\;C:\Program Files\Git\cmd;C:\Program Files\Git\mingw64\bin;C:\Program Files\Git\usr\bin;C:\ProgramData\chocolatey\bin;C:\Program Files\MongoDB\Server\8.0\bin;C:\Program Files\nodejs\;C:\Program Files\Java\jdk-21\bin;C:\Program Files\Java\jdk-21\bin;C:\Users\prathamesh\AppData\Local\Microsoft\WindowsApps;C:\Users\prathamesh\AppData\Local\Programs\Microsoft VS Code\bin;C:\Users\prathamesh\AppData\Local\Programs\mongosh\;C:\Users\prathamesh\AppData\Roaming\npm;C:\Program Files\nodejs;
USERNAME=prathamesh
OS=Windows_NT
PROCESSOR_IDENTIFIER=AMD64 Family 23 Model 104 Stepping 1, AuthenticAMD
TMP=C:\Users\PRATHA~1\AppData\Local\Temp
TEMP=C:\Users\PRATHA~1\AppData\Local\Temp




Periodic native trim disabled

---------------  S Y S T E M  ---------------

OS:
 Windows 11 , 64 bit Build 26100 (10.0.26100.4484)
OS uptime: 0 days 4:26 hours
Hyper-V role detected

CPU: total 12 (initial active 12) (12 cores per cpu, 2 threads per core) family 23 model 104 stepping 1 microcode 0x8608107, cx8, cmov, fxsr, ht, mmx, 3dnowpref, sse, sse2, sse3, ssse3, sse4a, sse4.1, sse4.2, popcnt, lzcnt, tsc, tscinvbit, avx, avx2, aes, clmul, bmi1, bmi2, adx, sha, fma, vzeroupper, clflush, clflushopt, hv, rdtscp, rdpid, f16c
Processor Information for processor 0
  Max Mhz: 2100, Current Mhz: 2100, Mhz Limit: 2100
Processor Information for processor 1
  Max Mhz: 2100, Current Mhz: 1813, Mhz Limit: 2100
Processor Information for processor 2
  Max Mhz: 2100, Current Mhz: 2100, Mhz Limit: 2100
Processor Information for processor 3
  Max Mhz: 2100, Current Mhz: 1813, Mhz Limit: 2100
Processor Information for processor 4
  Max Mhz: 2100, Current Mhz: 2100, Mhz Limit: 2100
Processor Information for processor 5
  Max Mhz: 2100, Current Mhz: 1813, Mhz Limit: 2100
Processor Information for processor 6
  Max Mhz: 2100, Current Mhz: 2100, Mhz Limit: 2100
Processor Information for processor 7
  Max Mhz: 2100, Current Mhz: 2100, Mhz Limit: 2100
Processor Information for processor 8
  Max Mhz: 2100, Current Mhz: 1813, Mhz Limit: 2100
Processor Information for processor 9
  Max Mhz: 2100, Current Mhz: 1813, Mhz Limit: 2100
Processor Information for processor 10
  Max Mhz: 2100, Current Mhz: 1813, Mhz Limit: 2100
Processor Information for processor 11
  Max Mhz: 2100, Current Mhz: 1813, Mhz Limit: 2100

Memory: 4k page, system-wide physical 7501M (928M free)
TotalPageFile size 17919M (AvailPageFile size 2M)
current process WorkingSet (physical memory assigned to process): 161M, peak: 161M
current process commit charge ("private bytes"): 251M, peak: 251M

vm_info: Java HotSpot(TM) 64-Bit Server VM (21.0.4+8-LTS-274) for windows-amd64 JRE (21.0.4+8-LTS-274), built on 2024-06-05T05:23:33Z by "mach5one" with MS VC++ 17.6 (VS2022)

END.
